read data in 5m 51s
maxsrccount106maxdstcount129
get locality in 6m 6s
start in: 2023/11/21 11:38:38
/root/Encore-CVAE/size_cvae.py:113: DeprecationWarning: Sampling from a set deprecated
since Python 3.9 and will be removed in a subsequent version.
  condition = random.sample(locality_onehots_dict.keys(),min(len(locality_onehots_dict.keys()),500))
epoch=100, avg_loss=2.89e-03, kld=323.33, recon=1.75e-03(max=1.24e-02), time=272.59
eval in51.11590218544006 //coverage is 0.6865 on average and is 0.1212 for the worst //per sample error is 0.2779 on average and is 0.7063 for the worst //per source data error is 0.1508 on average and is 0.2294 for the worst
save model
epoch=200, avg_loss=2.25e-03, kld=22.52, recon=1.63e-03(max=9.74e-03), time=590.42
eval in48.38308548927307 //coverage is 0.8753 on average and is 0.3999 for the worst //per sample error is 0.1176 on average and is 0.4033 for the worst //per source data error is 0.0354 on average and is 0.0903 for the worst
save model
epoch=300, avg_loss=2.19e-03, kld=15.04, recon=1.62e-03(max=9.21e-03), time=1021.59
eval in46.03378200531006 //coverage is 0.9274 on average and is 0.3325 for the worst //per sample error is 0.0656 on average and is 0.2087 for the worst //per source data error is 0.0289 on average and is 0.1023 for the worst
save model
epoch=400, avg_loss=2.23e-03, kld=13.94, recon=1.56e-03(max=5.78e-03), time=1341.74
eval in51.81181597709656 //coverage is 0.9222 on average and is 0.2856 for the worst //per sample error is 0.0486 on average and is 0.1344 for the worst //per source data error is 0.0275 on average and is 0.1133 for the worst
epoch=500, avg_loss=2.28e-03, kld=12.54, recon=1.57e-03(max=6.15e-03), time=1658.06
eval in60.19904804229736 //coverage is 0.9349 on average and is 0.4993 for the worst //per sample error is 0.0466 on average and is 0.1247 for the worst //per source data error is 0.0254 on average and is 0.1100 for the worst
epoch=600, avg_loss=2.37e-03, kld=11.40, recon=1.58e-03(max=3.45e-03), time=1982.74
eval in65.51353621482849 //coverage is 0.9283 on average and is 0.5891 for the worst //per sample error is 0.0407 on average and is 0.1158 for the worst //per source data error is 0.0232 on average and is 0.0955 for the worst
epoch=700, avg_loss=2.45e-03, kld=10.41, recon=1.61e-03(max=4.67e-03), time=2319.34
eval in60.452728509902954 //coverage is 0.9353 on average and is 0.5410 for the worst //per sample error is 0.0402 on average and is 0.1068 for the worst //per source data error is 0.0244 on average and is 0.0896 for the worst
epoch=800, avg_loss=2.53e-03, kld=9.50, recon=1.65e-03(max=4.51e-03), time=2640.82
eval in57.747753858566284 //coverage is 0.9419 on average and is 0.5656 for the worst //per sample error is 0.0390 on average and is 0.1063 for the worst //per source data error is 0.0224 on average and is 0.0768 for the worst
epoch=900, avg_loss=2.61e-03, kld=8.83, recon=1.68e-03(max=6.40e-03), time=2968.67
eval in48.146748065948486 //coverage is 0.9431 on average and is 0.6056 for the worst //per sample error is 0.0392 on average and is 0.1132 for the worst //per source data error is 0.0217 on average and is 0.0780 for the worst
epoch=1000, avg_loss=2.68e-03, kld=8.15, recon=1.71e-03(max=1.01e-02), time=3288.67
eval in658.3136110305786 //coverage is 0.9941 on average and is 0.8945 for the worst //per sample error is 0.0371 on average and is 0.1090 for the worst //per source data error is 0.0156 on average and is 0.0432 for the worst
epoch=1100, avg_loss=2.75e-03, kld=7.53, recon=1.75e-03(max=4.19e-03), time=4348.49
eval in52.313894271850586 //coverage is 0.9350 on average and is 0.6047 for the worst //per sample error is 0.0378 on average and is 0.1068 for the worst //per source data error is 0.0215 on average and is 0.0801 for the worst
epoch=1200, avg_loss=2.77e-03, kld=7.49, recon=1.74e-03(max=3.85e-03), time=4669.79
eval in62.7700412273407 //coverage is 0.9356 on average and is 0.5949 for the worst //per sample error is 0.0375 on average and is 0.1119 for the worst //per source data error is 0.0212 on average and is 0.0753 for the worst
epoch=1300, avg_loss=2.76e-03, kld=7.51, recon=1.73e-03(max=6.47e-03), time=5015.00
eval in60.05643582344055 //coverage is 0.9304 on average and is 0.5810 for the worst //per sample error is 0.0350 on average and is 0.1066 for the worst //per source data error is 0.0219 on average and is 0.0908 for the worst
epoch=1400, avg_loss=2.74e-03, kld=7.50, recon=1.72e-03(max=3.60e-03), time=5348.23
eval in60.78167796134949 //coverage is 0.9300 on average and is 0.5959 for the worst //per sample error is 0.0347 on average and is 0.1030 for the worst //per source data error is 0.0215 on average and is 0.0944 for the worst
epoch=1500, avg_loss=2.73e-03, kld=7.52, recon=1.71e-03(max=4.08e-03), time=5675.14
eval in54.92075157165527 //coverage is 0.9370 on average and is 0.5975 for the worst //per sample error is 0.0363 on average and is 0.1092 for the worst //per source data error is 0.0209 on average and is 0.0713 for the worst
epoch=1600, avg_loss=2.72e-03, kld=7.49, recon=1.70e-03(max=4.34e-03), time=6006.28
eval in51.7370285987854 //coverage is 0.9369 on average and is 0.5656 for the worst //per sample error is 0.0339 on average and is 0.1022 for the worst //per source data error is 0.0202 on average and is 0.0778 for the worst
epoch=1700, avg_loss=2.70e-03, kld=7.57, recon=1.68e-03(max=7.82e-03), time=6330.41
eval in56.25011229515076 //coverage is 0.9390 on average and is 0.6000 for the worst //per sample error is 0.0367 on average and is 0.1099 for the worst //per source data error is 0.0205 on average and is 0.0659 for the worst
epoch=1800, avg_loss=2.69e-03, kld=7.53, recon=1.67e-03(max=6.21e-03), time=6657.53
eval in57.83227252960205 //coverage is 0.9357 on average and is 0.5645 for the worst //per sample error is 0.0357 on average and is 0.1050 for the worst //per source data error is 0.0208 on average and is 0.0925 for the worst
epoch=1900, avg_loss=2.68e-03, kld=7.56, recon=1.66e-03(max=4.26e-03), time=6996.00
eval in59.7713041305542 //coverage is 0.9394 on average and is 0.6153 for the worst //per sample error is 0.0349 on average and is 0.0944 for the worst //per source data error is 0.0204 on average and is 0.0672 for the worst
epoch=2000, avg_loss=2.66e-03, kld=22.81, recon=1.30e-03(max=3.16e-03), time=7336.68
eval in541.4120759963989 //coverage is 0.9942 on average and is 0.8887 for the worst //per sample error is 0.0352 on average and is 0.0991 for the worst //per source data error is 0.0144 on average and is 0.0387 for the worst
epoch=2100, avg_loss=1.25e-03, kld=245.43, recon=9.94e-04(max=5.33e-03), time=8172.63
eval in47.63085055351257 //coverage is 0.9218 on average and is 0.5537 for the worst //per sample error is 0.0383 on average and is 0.0937 for the worst //per source data error is 0.0249 on average and is 0.0988 for the worst
save model
epoch=2200, avg_loss=1.32e-03, kld=25.97, recon=1.01e-03(max=3.37e-03), time=8487.49
eval in68.17963862419128 //coverage is 0.9264 on average and is 0.5926 for the worst //per sample error is 0.0360 on average and is 0.0965 for the worst //per source data error is 0.0224 on average and is 0.1093 for the worst
epoch=2300, avg_loss=1.54e-03, kld=21.03, recon=1.06e-03(max=3.97e-03), time=8833.66
eval in49.39850902557373 //coverage is 0.9367 on average and is 0.6215 for the worst //per sample error is 0.0381 on average and is 0.1004 for the worst //per source data error is 0.0220 on average and is 0.0788 for the worst
epoch=2400, avg_loss=1.74e-03, kld=17.96, recon=1.12e-03(max=6.66e-03), time=9151.81
eval in50.952213764190674 //coverage is 0.9274 on average and is 0.5916 for the worst //per sample error is 0.0384 on average and is 0.1082 for the worst //per source data error is 0.0227 on average and is 0.0869 for the worst
epoch=2500, avg_loss=1.91e-03, kld=15.63, recon=1.18e-03(max=3.18e-03), time=9473.42
eval in44.001099586486816 //coverage is 0.9426 on average and is 0.5782 for the worst //per sample error is 0.0407 on average and is 0.1111 for the worst //per source data error is 0.0224 on average and is 0.0782 for the worst
epoch=2600, avg_loss=2.07e-03, kld=13.74, recon=1.26e-03(max=4.91e-03), time=9785.78
eval in46.46327614784241 //coverage is 0.9355 on average and is 0.5801 for the worst //per sample error is 0.0364 on average and is 0.1027 for the worst //per source data error is 0.0216 on average and is 0.0871 for the worst
epoch=2700, avg_loss=2.20e-03, kld=12.17, recon=1.33e-03(max=3.78e-03), time=10088.17
eval in44.62955379486084 //coverage is 0.9399 on average and is 0.6207 for the worst //per sample error is 0.0394 on average and is 0.1129 for the worst //per source data error is 0.0218 on average and is 0.0915 for the worst
epoch=2800, avg_loss=2.32e-03, kld=10.78, recon=1.40e-03(max=3.11e-03), time=10394.65
eval in43.295201539993286 //coverage is 0.9462 on average and is 0.6388 for the worst //per sample error is 0.0363 on average and is 0.1051 for the worst //per source data error is 0.0206 on average and is 0.0774 for the worst
epoch=2900, avg_loss=2.42e-03, kld=9.68, recon=1.47e-03(max=6.28e-03), time=10695.15
eval in45.97430372238159 //coverage is 0.9411 on average and is 0.6249 for the worst //per sample error is 0.0365 on average and is 0.1002 for the worst //per source data error is 0.0208 on average and is 0.0644 for the worst
epoch=3000, avg_loss=2.51e-03, kld=8.70, recon=1.53e-03(max=5.25e-03), time=10999.97
eval in392.82248878479004 //coverage is 0.9937 on average and is 0.8750 for the worst //per sample error is 0.0358 on average and is 0.1102 for the worst //per source data error is 0.0145 on average and is 0.0354 for the worst
epoch=3100, avg_loss=2.59e-03, kld=8.08, recon=1.58e-03(max=5.44e-03), time=11669.89
eval in45.95658349990845 //coverage is 0.9434 on average and is 0.5923 for the worst //per sample error is 0.0354 on average and is 0.1104 for the worst //per source data error is 0.0207 on average and is 0.0785 for the worst
epoch=3200, avg_loss=2.63e-03, kld=8.10, recon=1.57e-03(max=6.62e-03), time=11995.76
eval in45.265450954437256 //coverage is 0.9351 on average and is 0.6000 for the worst //per sample error is 0.0367 on average and is 0.1069 for the worst //per source data error is 0.0210 on average and is 0.0783 for the worst
epoch=3300, avg_loss=2.62e-03, kld=8.05, recon=1.57e-03(max=3.23e-03), time=12298.05
eval in47.72506141662598 //coverage is 0.9327 on average and is 0.5901 for the worst //per sample error is 0.0373 on average and is 0.1050 for the worst //per source data error is 0.0209 on average and is 0.0818 for the worst
epoch=3400, avg_loss=2.62e-03, kld=8.08, recon=1.56e-03(max=8.91e-03), time=12599.40
eval in46.55010533332825 //coverage is 0.9364 on average and is 0.5846 for the worst //per sample error is 0.0357 on average and is 0.1092 for the worst //per source data error is 0.0210 on average and is 0.0873 for the worst
epoch=3500, avg_loss=2.61e-03, kld=8.02, recon=1.56e-03(max=5.15e-03), time=12922.90
eval in45.83193111419678 //coverage is 0.9379 on average and is 0.5852 for the worst //per sample error is 0.0362 on average and is 0.1146 for the worst //per source data error is 0.0202 on average and is 0.0742 for the worst
epoch=3600, avg_loss=2.61e-03, kld=8.00, recon=1.56e-03(max=3.24e-03), time=13248.67
eval in47.130032777786255 //coverage is 0.9370 on average and is 0.5678 for the worst //per sample error is 0.0353 on average and is 0.1024 for the worst //per source data error is 0.0201 on average and is 0.0656 for the worst
epoch=3700, avg_loss=2.60e-03, kld=8.01, recon=1.56e-03(max=4.39e-03), time=13550.96
eval in47.3081636428833 //coverage is 0.9362 on average and is 0.6027 for the worst //per sample error is 0.0359 on average and is 0.1038 for the worst //per source data error is 0.0205 on average and is 0.0649 for the worst
epoch=3800, avg_loss=2.60e-03, kld=7.98, recon=1.55e-03(max=7.22e-03), time=13852.23
eval in49.847383975982666 //coverage is 0.9348 on average and is 0.5367 for the worst //per sample error is 0.0340 on average and is 0.0963 for the worst //per source data error is 0.0199 on average and is 0.0603 for the worst
epoch=3900, avg_loss=2.59e-03, kld=7.99, recon=1.55e-03(max=3.81e-03), time=14155.58
eval in49.83654427528381 //coverage is 0.9284 on average and is 0.6200 for the worst //per sample error is 0.0346 on average and is 0.0974 for the worst //per source data error is 0.0204 on average and is 0.0632 for the worst
epoch=4000, avg_loss=2.58e-03, kld=23.17, recon=1.20e-03(max=4.67e-03), time=14460.24
eval in420.0907566547394 //coverage is 0.9941 on average and is 0.8947 for the worst //per sample error is 0.0352 on average and is 0.1015 for the worst //per source data error is 0.0139 on average and is 0.0379 for the worst
epoch=4100, avg_loss=1.09e-03, kld=245.43, recon=8.75e-04(max=3.28e-03), time=15109.79
eval in35.60336232185364 //coverage is 0.9261 on average and is 0.5688 for the worst //per sample error is 0.0396 on average and is 0.1152 for the worst //per source data error is 0.0236 on average and is 0.0938 for the worst
save model
epoch=4200, avg_loss=1.20e-03, kld=26.30, recon=9.19e-04(max=4.19e-03), time=15377.92
eval in39.475027084350586 //coverage is 0.9251 on average and is 0.6049 for the worst //per sample error is 0.0361 on average and is 0.1059 for the worst //per source data error is 0.0231 on average and is 0.1373 for the worst
epoch=4300, avg_loss=1.45e-03, kld=21.32, recon=9.79e-04(max=3.89e-03), time=15643.31
eval in36.452128887176514 //coverage is 0.9372 on average and is 0.6066 for the worst //per sample error is 0.0367 on average and is 0.1020 for the worst //per source data error is 0.0224 on average and is 0.1029 for the worst
epoch=4400, avg_loss=1.66e-03, kld=18.11, recon=1.05e-03(max=3.74e-03), time=15906.94
eval in35.85805106163025 //coverage is 0.9394 on average and is 0.6172 for the worst //per sample error is 0.0363 on average and is 0.1087 for the worst //per source data error is 0.0222 on average and is 0.1109 for the worst
epoch=4500, avg_loss=1.84e-03, kld=15.75, recon=1.12e-03(max=5.87e-03), time=16174.87
eval in35.88037824630737 //coverage is 0.9425 on average and is 0.6048 for the worst //per sample error is 0.0380 on average and is 0.1062 for the worst //per source data error is 0.0212 on average and is 0.0649 for the worst
epoch=4600, avg_loss=2.00e-03, kld=13.82, recon=1.20e-03(max=3.07e-03), time=16439.46
eval in38.238556146621704 //coverage is 0.9360 on average and is 0.6056 for the worst //per sample error is 0.0357 on average and is 0.1030 for the worst //per source data error is 0.0220 on average and is 0.0922 for the worst
epoch=4700, avg_loss=2.14e-03, kld=12.13, recon=1.28e-03(max=2.95e-03), time=16712.26
eval in35.344024896621704 //coverage is 0.9361 on average and is 0.6000 for the worst //per sample error is 0.0392 on average and is 0.1131 for the worst //per source data error is 0.0219 on average and is 0.0846 for the worst
epoch=4800, avg_loss=2.26e-03, kld=10.78, recon=1.35e-03(max=3.25e-03), time=16981.23
eval in38.669190406799316 //coverage is 0.9336 on average and is 0.5607 for the worst //per sample error is 0.0368 on average and is 0.1078 for the worst //per source data error is 0.0208 on average and is 0.0718 for the worst
epoch=4900, avg_loss=2.36e-03, kld=9.67, recon=1.41e-03(max=6.89e-03), time=17249.11
eval in35.22105431556702 //coverage is 0.9421 on average and is 0.6134 for the worst //per sample error is 0.0365 on average and is 0.1058 for the worst //per source data error is 0.0207 on average and is 0.0675 for the worst
epoch=5000, avg_loss=2.45e-03, kld=9.01, recon=1.46e-03(max=4.39e-03), time=17523.12
eval in306.8681604862213 //coverage is 0.9950 on average and is 0.8999 for the worst //per sample error is 0.0357 on average and is 0.1043 for the worst //per source data error is 0.0138 on average and is 0.0325 for the worst
epoch=5100, avg_loss=2.54e-03, kld=8.36, recon=1.51e-03(max=4.25e-03), time=18068.76
eval in32.53764009475708 //coverage is 0.9446 on average and is 0.5970 for the worst //per sample error is 0.0364 on average and is 0.1006 for the worst //per source data error is 0.0200 on average and is 0.0713 for the worst
epoch=5200, avg_loss=2.58e-03, kld=8.28, recon=1.51e-03(max=5.31e-03), time=18338.79
eval in37.19365215301514 //coverage is 0.9343 on average and is 0.6132 for the worst //per sample error is 0.0361 on average and is 0.1084 for the worst //per source data error is 0.0205 on average and is 0.0689 for the worst
epoch=5300, avg_loss=2.58e-03, kld=8.31, recon=1.51e-03(max=1.64e-02), time=18614.43
eval in35.90124845504761 //coverage is 0.9353 on average and is 0.6071 for the worst //per sample error is 0.0360 on average and is 0.1117 for the worst //per source data error is 0.0201 on average and is 0.0679 for the worst
epoch=5400, avg_loss=2.57e-03, kld=8.24, recon=1.51e-03(max=3.33e-03), time=18878.25
eval in36.279014348983765 //coverage is 0.9384 on average and is 0.6162 for the worst //per sample error is 0.0350 on average and is 0.1003 for the worst //per source data error is 0.0198 on average and is 0.0685 for the worst
epoch=5500, avg_loss=2.57e-03, kld=8.20, recon=1.51e-03(max=5.17e-03), time=19151.02
eval in36.22557497024536 //coverage is 0.9375 on average and is 0.6049 for the worst //per sample error is 0.0348 on average and is 0.1106 for the worst //per source data error is 0.0201 on average and is 0.0711 for the worst
epoch=5600, avg_loss=2.57e-03, kld=8.26, recon=1.52e-03(max=2.33e-02), time=19417.00
eval in38.941224098205566 //coverage is 0.9340 on average and is 0.5670 for the worst //per sample error is 0.0355 on average and is 0.1069 for the worst //per source data error is 0.0200 on average and is 0.0743 for the worst
epoch=5700, avg_loss=2.57e-03, kld=8.17, recon=1.51e-03(max=3.28e-03), time=19698.75
eval in36.065346002578735 //coverage is 0.9388 on average and is 0.5612 for the worst //per sample error is 0.0365 on average and is 0.1092 for the worst //per source data error is 0.0204 on average and is 0.0747 for the worst
epoch=5800, avg_loss=2.57e-03, kld=8.18, recon=1.51e-03(max=3.53e-03), time=19983.42
eval in35.41817808151245 //coverage is 0.9401 on average and is 0.6164 for the worst //per sample error is 0.0357 on average and is 0.1022 for the worst //per source data error is 0.0200 on average and is 0.0696 for the worst
epoch=5900, avg_loss=2.56e-03, kld=8.19, recon=1.51e-03(max=3.74e-03), time=20249.32
eval in37.11574602127075 //coverage is 0.9359 on average and is 0.5555 for the worst //per sample error is 0.0347 on average and is 0.1083 for the worst //per source data error is 0.0204 on average and is 0.0854 for the worst
epoch=6000, avg_loss=2.55e-03, kld=24.70, recon=1.15e-03(max=3.02e-03), time=20521.79
eval in299.3261821269989 //coverage is 0.9950 on average and is 0.9090 for the worst //per sample error is 0.0365 on average and is 0.1059 for the worst //per source data error is 0.0133 on average and is 0.0331 for the worst
epoch=6100, avg_loss=1.05e-03, kld=254.09, recon=8.42e-04(max=7.44e-03), time=21051.01
eval in32.028385400772095 //coverage is 0.9346 on average and is 0.6101 for the worst //per sample error is 0.0363 on average and is 0.0966 for the worst //per source data error is 0.0224 on average and is 0.0926 for the worst
save model
epoch=6200, avg_loss=1.17e-03, kld=26.88, recon=8.85e-04(max=4.66e-03), time=21317.59
eval in35.47496557235718 //coverage is 0.9294 on average and is 0.5840 for the worst //per sample error is 0.0387 on average and is 0.1059 for the worst //per source data error is 0.0235 on average and is 0.1091 for the worst
epoch=6300, avg_loss=1.42e-03, kld=21.59, recon=9.57e-04(max=9.10e-03), time=21588.93
eval in35.90010046958923 //coverage is 0.9383 on average and is 0.5936 for the worst //per sample error is 0.0398 on average and is 0.1125 for the worst //per source data error is 0.0231 on average and is 0.1211 for the worst
epoch=6400, avg_loss=1.63e-03, kld=18.17, recon=1.02e-03(max=3.62e-03), time=21871.22
eval in34.518967390060425 //coverage is 0.9439 on average and is 0.6329 for the worst //per sample error is 0.0390 on average and is 0.1103 for the worst //per source data error is 0.0220 on average and is 0.0843 for the worst
epoch=6500, avg_loss=1.81e-03, kld=15.73, recon=1.10e-03(max=2.86e-03), time=22135.32
eval in38.01221537590027 //coverage is 0.9387 on average and is 0.6142 for the worst //per sample error is 0.0373 on average and is 0.1090 for the worst //per source data error is 0.0215 on average and is 0.0819 for the worst
epoch=6600, avg_loss=1.97e-03, kld=13.76, recon=1.18e-03(max=4.34e-03), time=22398.76
eval in34.90581727027893 //coverage is 0.9446 on average and is 0.6096 for the worst //per sample error is 0.0356 on average and is 0.1009 for the worst //per source data error is 0.0211 on average and is 0.0675 for the worst
epoch=6700, avg_loss=2.11e-03, kld=12.09, recon=1.25e-03(max=2.53e-03), time=22652.55
eval in36.31752347946167 //coverage is 0.9370 on average and is 0.5647 for the worst //per sample error is 0.0367 on average and is 0.1069 for the worst //per source data error is 0.0213 on average and is 0.0627 for the worst
epoch=6800, avg_loss=2.23e-03, kld=10.71, recon=1.33e-03(max=4.05e-03), time=22894.26
eval in37.66816186904907 //coverage is 0.9361 on average and is 0.6175 for the worst //per sample error is 0.0367 on average and is 0.1029 for the worst //per source data error is 0.0210 on average and is 0.0646 for the worst
epoch=6900, avg_loss=1.03e+00, kld=9.82, recon=1.38e-03(max=6.25e-03), time=23158.84
eval in32.55648136138916 //coverage is 0.9505 on average and is 0.6172 for the worst //per sample error is 0.0366 on average and is 0.1022 for the worst //per source data error is 0.0196 on average and is 0.0620 for the worst
epoch=7000, avg_loss=2.10e+00, kld=9.12, recon=1.43e-03(max=4.07e-03), time=23426.50
eval in335.59076476097107 //coverage is 0.9947 on average and is 0.9332 for the worst //per sample error is 0.0353 on average and is 0.0951 for the worst //per source data error is 0.0144 on average and is 0.0353 for the worst
epoch=7100, avg_loss=2.53e-03, kld=8.49, recon=1.49e-03(max=4.11e-03), time=23985.10
eval in37.63839936256409 //coverage is 0.9372 on average and is 0.6212 for the worst //per sample error is 0.0346 on average and is 0.1007 for the worst //per source data error is 0.0201 on average and is 0.0824 for the worst
epoch=7200, avg_loss=1.88e+01, kld=8.56, recon=1.48e-03(max=2.90e-02), time=24244.98
eval in31.776005029678345 //coverage is 0.9481 on average and is 0.6245 for the worst //per sample error is 0.0350 on average and is 0.1000 for the worst //per source data error is 0.0200 on average and is 0.0760 for the worst
epoch=7300, avg_loss=3.34e+08, kld=8.41, recon=1.49e-03(max=6.29e-03), time=24499.36
eval in32.29947566986084 //coverage is 0.9486 on average and is 0.6071 for the worst //per sample error is 0.0367 on average and is 0.1111 for the worst //per source data error is 0.0198 on average and is 0.0610 for the worst
epoch=7400, avg_loss=3.45e+26, kld=37764239934863621969519436627968.00, recon=1.49e-03(max=2.80e-02), time=24754.51
eval in47.72788453102112 //coverage is 0.9337 on average and is 0.5960 for the worst //per sample error is 0.0355 on average and is 0.1082 for the worst //per source data error is 0.0200 on average and is 0.0658 for the worst
epoch=7500, avg_loss=3.70e+28, kld=194312215227670226884267499061248.00, recon=1.49e-03(max=3.08e-02), time=25029.99
eval in34.73803162574768 //coverage is 0.9385 on average and is 0.6164 for the worst //per sample error is 0.0352 on average and is 0.1036 for the worst //per source data error is 0.0203 on average and is 0.0812 for the worst
epoch=7600, avg_loss=4.03e+28, kld=136509109891597273453644113510400.00, recon=1.49e-03(max=6.02e-03), time=25290.68
eval in34.41587543487549 //coverage is 0.9414 on average and is 0.6000 for the worst //per sample error is 0.0371 on average and is 0.1077 for the worst //per source data error is 0.0209 on average and is 0.0643 for the worst
epoch=7700, avg_loss=1.59e+28, kld=153893619517103202526825889660928.00, recon=1.48e-03(max=8.35e-03), time=25546.20
eval in37.12340307235718 //coverage is 0.9372 on average and is 0.6281 for the worst //per sample error is 0.0369 on average and is 0.1095 for the worst //per source data error is 0.0202 on average and is 0.0876 for the worst
epoch=7800, avg_loss=1.75e+28, kld=196458411076386630038364664889344.00, recon=1.49e-03(max=2.80e-02), time=25834.88
eval in33.6948037147522 //coverage is 0.9403 on average and is 0.6363 for the worst //per sample error is 0.0356 on average and is 0.1036 for the worst //per source data error is 0.0206 on average and is 0.0630 for the worst
epoch=7900, avg_loss=2.66e+28, kld=283147356551306197869202988072960.00, recon=1.49e-03(max=2.80e-02), time=26084.87
eval in34.32579278945923 //coverage is 0.9443 on average and is 0.6336 for the worst //per sample error is 0.0355 on average and is 0.1097 for the worst //per source data error is 0.0195 on average and is 0.0628 for the worst
epoch=8000, avg_loss=4.64e+28, kld=476668316950819931874760207630336.00, recon=1.14e-03(max=3.93e-03), time=26343.35
eval in298.4221110343933 //coverage is 0.9943 on average and is 0.8746 for the worst //per sample error is 0.0357 on average and is 0.1091 for the worst //per source data error is 0.0136 on average and is 0.0331 for the worst
epoch=8100, avg_loss=nan, kld=nan, recon=nan(max=0.00e+00), time=26872.65
eval in35.44028162956238 //coverage is 0.2846 on average and is 0.0115 for the worst //per sample error is nan on average and is nan for the worst //per source data error is nan on average and is nan for the worst
epoch=8200, avg_loss=nan, kld=nan, recon=nan(max=0.00e+00), time=27130.42
eval in34.04525303840637 //coverage is 0.3090 on average and is 0.0137 for the worst //per sample error is nan on average and is nan for the worst //per source data error is nan on average and is nan for the worst
epoch=8300, avg_loss=nan, kld=nan, recon=nan(max=0.00e+00), time=27386.53
eval in37.150832176208496 //coverage is 0.2797 on average and is 0.0127 for the worst //per sample error is nan on average and is nan for the worst //per source data error is nan on average and is nan for the worst
epoch=8400, avg_loss=nan, kld=nan, recon=nan(max=0.00e+00), time=27650.98
eval in36.25470423698425 //coverage is 0.2870 on average and is 0.0122 for the worst //per sample error is nan on average and is nan for the worst //per source data error is nan on average and is nan for the worst
epoch=8500, avg_loss=nan, kld=nan, recon=nan(max=0.00e+00), time=27913.71
eval in37.68714761734009 //coverage is 0.2840 on average and is 0.0127 for the worst //per sample error is nan on average and is nan for the worst //per source data error is nan on average and is nan for the worst
epoch=8600, avg_loss=nan, kld=nan, recon=nan(max=0.00e+00), time=28172.36
eval in47.43137812614441 //coverage is 0.2784 on average and is 0.0133 for the worst //per sample error is nan on average and is nan for the worst //per source data error is nan on average and is nan for the worst
epoch=8700, avg_loss=nan, kld=nan, recon=nan(max=0.00e+00), time=28476.74
eval in33.863036155700684 //coverage is 0.3229 on average and is 0.0127 for the worst //per sample error is nan on average and is nan for the worst //per source data error is nan on average and is nan for the worst
epoch=8800, avg_loss=nan, kld=nan, recon=nan(max=0.00e+00), time=28733.13
eval in47.563958406448364 //coverage is 0.2931 on average and is 0.0122 for the worst //per sample error is nan on average and is nan for the worst //per source data error is nan on average and is nan for the worst
epoch=8900, avg_loss=nan, kld=nan, recon=nan(max=0.00e+00), time=29016.65
eval in35.09377956390381 //coverage is 0.2896 on average and is 0.0127 for the worst //per sample error is nan on average and is nan for the worst //per source data error is nan on average and is nan for the worst
epoch=9000, avg_loss=nan, kld=nan, recon=nan(max=0.00e+00), time=29269.18
eval in297.6145873069763 //coverage is 0.3087 on average and is 0.0139 for the worst //per sample error is nan on average and is nan for the worst //per source data error is nan on average and is nan for the worst
epoch=9100, avg_loss=nan, kld=nan, recon=nan(max=0.00e+00), time=29800.01
eval in34.186301708221436 //coverage is 0.3110 on average and is 0.0130 for the worst //per sample error is nan on average and is nan for the worst //per source data error is nan on average and is nan for the worst
epoch=9200, avg_loss=nan, kld=nan, recon=nan(max=0.00e+00), time=30058.32
eval in37.534708976745605 //coverage is 0.2946 on average and is 0.0112 for the worst //per sample error is nan on average and is nan for the worst //per source data error is nan on average and is nan for the worst
epoch=9300, avg_loss=nan, kld=nan, recon=nan(max=0.00e+00), time=30314.75
eval in36.99501299858093 //coverage is 0.2946 on averag and is 0.0127 for the worst //per sample error is nan on average and is nan for the worst //per source data error is nan on average and is nan for the worst
